// Jest Snapshot v1, https://goo.gl/fbAQLP

exports[`Tests MediaPagination component renders component correctly 1`] = `
<div>
  <div
    class="wrapper"
  >
    <div
      class="wrapper"
    >
      <div
        class="MuiGrid-root MuiGrid-container wrapper grid css-lrun27-MuiGrid-root"
        role="grid"
      >
        <div
          class="MuiGrid-root MuiGrid-item MuiGrid-grid-xs-60 MuiGrid-grid-sm-40 MuiGrid-grid-md-30 MuiGrid-grid-lg-24 MuiGrid-grid-xl-20 item css-1vivnjg-MuiGrid-root"
        >
          <div
            class="wrapper card skeleton"
          >
            <div
              class="wrapper default ratio"
              role="progressbar"
            >
              <span
                class="MuiSkeleton-root MuiSkeleton-text MuiSkeleton-wave MuiSkeleton-withChildren MuiSkeleton-fitContent MuiSkeleton-heightAuto skeleton css-w8a73i-MuiSkeleton-root"
              >
                <a
                  href="//"
                >
                  <div
                    aria-label="image"
                    class="wrapper"
                    role="img"
                  >
                    <div
                      class="image linkable content"
                    >
                      <div
                        class="wrapper actions"
                      >
                        <div
                          aria-label="favourites.add"
                          class="content"
                          data-mui-internal-clone-element="true"
                        >
                          <button
                            aria-label="action"
                            class="wrapper medium clear action"
                          >
                            <svg
                              class="actionIcon"
                              fill="currentColor"
                              height="1em"
                              stroke="currentColor"
                              stroke-width="0"
                              viewBox="0 0 512 512"
                              width="1em"
                              xmlns="http://www.w3.org/2000/svg"
                            >
                              <path
                                d="M416 277.333H277.333V416h-42.666V277.333H96v-42.666h138.667V96h42.666v138.667H416v42.666z"
                              />
                            </svg>
                          </button>
                        </div>
                        <style>
                          
        .wrapper {
          display: flex;
          flex-direction: row;
          flex-wrap: nowrap;
          gap: 8px;
          justify-content: flex-end;
          
        }
      
                        </style>
                      </div>
                    </div>
                    <style>
                      
        .wrapper {
          width: 100%;
          height: 100%;
          min-width: 100%;
        }
        .wrapper::before {
          padding-top: 150%;
        }
      
                    </style>
                  </div>
                </a>
              </span>
              <style>
                
        .wrapper {
          width: 100%;
          min-width: 100%;
          height: 100%;
        }
        .wrapper::before {
          padding-top: 150%;
        }
      
              </style>
            </div>
            <div
              class="wrapper body"
            >
              <div
                class="wrapper heading"
                role="progressbar"
              >
                <span
                  class="MuiSkeleton-root MuiSkeleton-text MuiSkeleton-wave MuiSkeleton-withChildren MuiSkeleton-fitContent MuiSkeleton-heightAuto skeleton css-w8a73i-MuiSkeleton-root"
                >
                  <a
                    href="//"
                  >
                    <h2
                      class="wrapper heading linkable"
                    />
                  </a>
                </span>
                <style>
                  
        .wrapper {
          width: auto;
          min-width: auto;
          height: auto;
        }
        .wrapper::before {
          padding-top: 0;
        }
      
                </style>
              </div>
              <style>
                
        .wrapper {
          display: flex;
          flex-direction: column;
          flex-wrap: nowrap;
          gap: 2px;
          
          
        }
      
              </style>
            </div>
          </div>
        </div>
      </div>
    </div>
    <div
      class="visor"
    />
    <div
      class="wrapper more"
    >
      <button
        class="wrapper medium secondary"
      >
        list.load.more
      </button>
      <style>
        
        .wrapper {
          display: flex;
          flex-direction: row;
          flex-wrap: nowrap;
          
          justify-content: center;
          
        }
      
      </style>
    </div>
  </div>
</div>
`;
