// Jest Snapshot v1, https://goo.gl/fbAQLP

exports[`Tests MediaSectionCredits component renders component correctly 1`] = `
<div>
  <div
    class="wrapper wrapper credits"
  >
    <div
      class="wrapper header"
    >
      <div
        class="wrapper"
      >
        <h2
          class="wrapper"
        >
          detail.credits.heading
        </h2>
        <style>
          
        .wrapper {
          display: flex;
          flex-direction: column;
          flex-wrap: nowrap;
          gap: 2px;
          
          
        }
      
        </style>
      </div>
      <style>
        
        .wrapper {
          display: flex;
          flex-direction: column;
          flex-wrap: nowrap;
          gap: 20px;
          
          
        }
      
      </style>
    </div>
  </div>
</div>
`;
