// Jest Snapshot v1, https://goo.gl/fbAQLP

exports[`Tests MediaCondensed component renders component correctly 1`] = `
<div>
  <div
    class="wrapper md"
  >
    <div
      class="wrapper card condensed"
    >
      <div
        aria-label="image"
        class="wrapper"
        role="img"
      >
        <div
          class="image content"
        />
        <style>
          
        .wrapper {
          width: 100%;
          height: 100%;
          min-width: 100%;
        }
        .wrapper::before {
          padding-top: 33.6%;
        }
      
        </style>
      </div>
    </div>
    <div
      class="info"
      data-swiper-parallax="-300"
    >
      <span
        class="wrapper title md"
      >
        Pelicula
        <style>
          
        .wrapper {
          
          
          
        }
      
        </style>
      </span>
      <span
        class="wrapper description sm maxLines"
      >
        <style>
          
        .wrapper {
          
          
          -webkit-line-clamp: 4;
        }
      
        </style>
      </span>
      <div
        class="wrapper"
      >
        <div
          class="wrapper actions actionsInfo"
        >
          <div
            aria-label="favourites.add"
            class="content"
            data-mui-internal-clone-element="true"
          >
            <button
              aria-label="action"
              class="wrapper medium clear action"
            >
              <svg
                class="actionIcon"
                fill="currentColor"
                height="1em"
                stroke="currentColor"
                stroke-width="0"
                viewBox="0 0 512 512"
                width="1em"
                xmlns="http://www.w3.org/2000/svg"
              >
                <path
                  d="M416 277.333H277.333V416h-42.666V277.333H96v-42.666h138.667V96h42.666v138.667H416v42.666z"
                />
              </svg>
            </button>
          </div>
          <div
            aria-label="item.action.trailer"
            class="content"
            data-mui-internal-clone-element="true"
          >
            <button
              aria-label="action"
              class="wrapper medium clear action"
            >
              <svg
                class="actionIcon"
                fill="currentColor"
                height="1em"
                stroke="currentColor"
                stroke-width="0"
                viewBox="0 0 24 24"
                width="1em"
                xmlns="http://www.w3.org/2000/svg"
              >
                <g>
                  <path
                    d="M0 0h24v24H0z"
                    fill="none"
                  />
                  <path
                    d="M19.376 12.416L8.777 19.482A.5.5 0 0 1 8 19.066V4.934a.5.5 0 0 1 .777-.416l10.599 7.066a.5.5 0 0 1 0 .832z"
                  />
                </g>
              </svg>
            </button>
          </div>
          <style>
            
        .wrapper {
          display: flex;
          flex-direction: row;
          flex-wrap: nowrap;
          gap: 8px;
          justify-content: flex-end;
          
        }
      
          </style>
        </div>
        <a
          href="/movie"
        >
          <button
            class="wrapper medium rounded buttonInfo"
          >
            item.action.more
          </button>
        </a>
        <style>
          
        .wrapper {
          display: flex;
          flex-direction: row;
          flex-wrap: nowrap;
          gap: 8px;
          
          align-items: center;
        }
      
        </style>
      </div>
    </div>
    <div
      class="wrapper"
    />
  </div>
</div>
`;
