// Jest Snapshot v1, https://goo.gl/fbAQLP

exports[`Tests Header component renders container correctly 1`] = `
<div>
  <div
    class="wrapper wrapper"
  >
    <a
      href="/"
    >
      <div
        class="wrapper"
      >
        <div
          class="logo"
        >
          <span
            style="box-sizing: border-box; display: block; overflow: hidden; background: none; opacity: 1; border: 0px; margin: 0px; padding: 0px; position: absolute; top: 0px; left: 0px; bottom: 0px; right: 0px;"
          >
            <img
              alt="logo"
              data-nimg="fill"
              decoding="async"
              src="data:image/gif;base64,R0lGODlhAQABAIAAAAAAAP///yH5BAEAAAAALAAAAAABAAEAAAIBRAA7"
              style="position: absolute; top: 0px; left: 0px; bottom: 0px; right: 0px; box-sizing: border-box; padding: 0px; margin: auto; display: block; width: 0px; height: 0px; min-width: 100%; max-width: 100%; min-height: 100%; max-height: 100%;"
            />
            <noscript />
          </span>
        </div>
        <h1
          class="wrapper title"
        >
          application.name
        </h1>
        <style>
          
        .wrapper {
          display: flex;
          flex-direction: row;
          flex-wrap: nowrap;
          
          
          align-items: center;
        }
      
        </style>
      </div>
    </a>
    <div
      class="wrapper"
    >
      <div
        class="wrapper headerActions"
      >
        <button
          class="wrapper medium outline headerAction search"
        >
          <svg
            fill="none"
            height="1em"
            stroke="currentColor"
            stroke-linecap="round"
            stroke-linejoin="round"
            stroke-width="2"
            viewBox="0 0 24 24"
            width="1em"
            xmlns="http://www.w3.org/2000/svg"
          >
            <circle
              cx="11"
              cy="11"
              r="8"
            />
            <line
              x1="21"
              x2="16.65"
              y1="21"
              y2="16.65"
            />
          </svg>
          <span>
            header.action.search
          </span>
        </button>
        <style>
          
        .wrapper {
          display: flex;
          flex-direction: row;
          flex-wrap: nowrap;
          gap: 15px;
          
          align-items: center;
        }
      
        </style>
      </div>
      <div
        class="wrapper headerActions"
      >
        <div
          class="wrapper"
        >
          <div
            aria-label="header.action.settings"
            class="content"
            data-mui-internal-clone-element="true"
          >
            <button
              aria-label="header.action.settings"
              class="wrapper medium outline headerAction"
            >
              <svg
                fill="none"
                height="1em"
                stroke="currentColor"
                stroke-linecap="round"
                stroke-linejoin="round"
                stroke-width="2"
                viewBox="0 0 24 24"
                width="1em"
                xmlns="http://www.w3.org/2000/svg"
              >
                <circle
                  cx="12"
                  cy="12"
                  r="3"
                />
                <path
                  d="M19.4 15a1.65 1.65 0 0 0 .33 1.82l.06.06a2 2 0 0 1 0 2.83 2 2 0 0 1-2.83 0l-.06-.06a1.65 1.65 0 0 0-1.82-.33 1.65 1.65 0 0 0-1 1.51V21a2 2 0 0 1-2 2 2 2 0 0 1-2-2v-.09A1.65 1.65 0 0 0 9 19.4a1.65 1.65 0 0 0-1.82.33l-.06.06a2 2 0 0 1-2.83 0 2 2 0 0 1 0-2.83l.06-.06a1.65 1.65 0 0 0 .33-1.82 1.65 1.65 0 0 0-1.51-1H3a2 2 0 0 1-2-2 2 2 0 0 1 2-2h.09A1.65 1.65 0 0 0 4.6 9a1.65 1.65 0 0 0-.33-1.82l-.06-.06a2 2 0 0 1 0-2.83 2 2 0 0 1 2.83 0l.06.06a1.65 1.65 0 0 0 1.82.33H9a1.65 1.65 0 0 0 1-1.51V3a2 2 0 0 1 2-2 2 2 0 0 1 2 2v.09a1.65 1.65 0 0 0 1 1.51 1.65 1.65 0 0 0 1.82-.33l.06-.06a2 2 0 0 1 2.83 0 2 2 0 0 1 0 2.83l-.06.06a1.65 1.65 0 0 0-.33 1.82V9a1.65 1.65 0 0 0 1.51 1H21a2 2 0 0 1 2 2 2 2 0 0 1-2 2h-.09a1.65 1.65 0 0 0-1.51 1z"
                />
              </svg>
            </button>
          </div>
        </div>
        <style>
          
        .wrapper {
          display: flex;
          flex-direction: row;
          flex-wrap: nowrap;
          gap: 20px;
          
          align-items: center;
        }
      
        </style>
      </div>
      <style>
        
        .wrapper {
          display: flex;
          flex-direction: row;
          flex-wrap: nowrap;
          gap: 10px;
          
          align-items: center;
        }
      
      </style>
    </div>
    <style>
      
        .wrapper {
          display: flex;
          flex-direction: row;
          flex-wrap: nowrap;
          
          justify-content: space-between;
          align-items: center;
        }
      
    </style>
  </div>
</div>
`;
